// Jest Snapshot v1, https://goo.gl/fbAQLP

exports[`Loader should match the snapshot with all data passed in correctly 1`] = `ShallowWrapper {}`;
